---
source: macros/src/orchestrator/parser/tests/mod.rs
expression: ast
---
SyntaxTree {
    graphs: [
        Graph {
            entry: Declaration(
                Declaration {
                    var: Some(
                        "a",
                    ),
                    typ: "A",
                },
            ),
            conns: [],
            span_info: SpanInfo {
                span: Span,
                at_call_site: false,
            },
        },
    ],
}
